🚀 Initializing Z-AI SDK...
🚀 Invoking function: web_search...
✅ File saved to: /home/z/my-project/scripts/q57a_results/q01_xskillscore_license.json
🎉 Function invocation completed!
🚀 Initializing Z-AI SDK...
🚀 Invoking function: web_search...
✅ File saved to: /home/z/my-project/scripts/q57a_results/q02_mapie_license.json
🎉 Function invocation completed!
🚀 Initializing Z-AI SDK...
🚀 Invoking function: web_search...
✅ File saved to: /home/z/my-project/scripts/q57a_results/q03_nonconformist_pypi.json
🎉 Function invocation completed!
🚀 Initializing Z-AI SDK...
🚀 Invoking function: web_search...
✅ File saved to: /home/z/my-project/scripts/q57a_results/q04_puncc_conformal.json
🎉 Function invocation completed!
🚀 Initializing Z-AI SDK...
🚀 Invoking function: web_search...
✅ File saved to: /home/z/my-project/scripts/q57a_results/q05_pyexactextract.json
🎉 Function invocation completed!
🚀 Initializing Z-AI SDK...
🚀 Invoking function: web_search...
✅ File saved to: /home/z/my-project/scripts/q57a_results/q06_exactextract_core.json
🎉 Function invocation completed!
🚀 Initializing Z-AI SDK...
🚀 Invoking function: web_search...
✅ File saved to: /home/z/my-project/scripts/q57a_results/q07_pixi_license.json
🎉 Function invocation completed!
🚀 Initializing Z-AI SDK...
🚀 Invoking function: web_search...
✅ File saved to: /home/z/my-project/scripts/q57a_results/q08_dvc_license.json
🎉 Function invocation completed!
🚀 Initializing Z-AI SDK...
🚀 Invoking function: web_search...
✅ File saved to: /home/z/my-project/scripts/q57a_results/q09_seas6_operational.json
🎉 Function invocation completed!
🚀 Initializing Z-AI SDK...
🚀 Invoking function: web_search...
✅ File saved to: /home/z/my-project/scripts/q57a_results/q10_seas5_cds_licence.json
🎉 Function invocation completed!
🚀 Initializing Z-AI SDK...
🚀 Invoking function: web_search...
✅ File saved to: /home/z/my-project/scripts/q57a_results/q11_iitm_erf.json
🎉 Function invocation completed!
🚀 Initializing Z-AI SDK...
🚀 Invoking function: web_search...
✅ File saved to: /home/z/my-project/scripts/q57a_results/q12_beckn_license.json
🎉 Function invocation completed!
🚀 Initializing Z-AI SDK...
🚀 Invoking function: web_search...
✅ File saved to: /home/z/my-project/scripts/q57a_results/q13_indictrans2_license.json
🎉 Function invocation completed!
🚀 Initializing Z-AI SDK...
🚀 Invoking function: web_search...
✅ File saved to: /home/z/my-project/scripts/q57a_results/q14_bhashini_ulca.json
🎉 Function invocation completed!
🚀 Initializing Z-AI SDK...
🚀 Invoking function: web_search...
✅ File saved to: /home/z/my-project/scripts/q57a_results/q15_pmfby_cce.json
🎉 Function invocation completed!
🚀 Initializing Z-AI SDK...
🚀 Invoking function: web_search...
✅ File saved to: /home/z/my-project/scripts/q57a_results/q16_naquim.json
🎉 Function invocation completed!
🚀 Initializing Z-AI SDK...
🚀 Invoking function: web_search...
✅ File saved to: /home/z/my-project/scripts/q57a_results/q17_livestock_census_20.json
🎉 Function invocation completed!
🚀 Initializing Z-AI SDK...
🚀 Invoking function: web_search...
✅ File saved to: /home/z/my-project/scripts/q57a_results/q18_livestock_census_21.json
🎉 Function invocation completed!
🚀 Initializing Z-AI SDK...
🚀 Invoking function: web_search...
✅ File saved to: /home/z/my-project/scripts/q57a_results/q19_ndri_thi.json
🎉 Function invocation completed!
🚀 Initializing Z-AI SDK...
🚀 Invoking function: web_search...
✅ File saved to: /home/z/my-project/scripts/q57a_results/q20_igfri_varieties.json
🎉 Function invocation completed!
🚀 Initializing Z-AI SDK...
🚀 Invoking function: web_search...
✅ File saved to: /home/z/my-project/scripts/q57a_results/q21_imd_district_warnings.json
🎉 Function invocation completed!
🚀 Initializing Z-AI SDK...
🚀 Invoking function: web_search...
✅ File saved to: /home/z/my-project/scripts/q57a_results/q22_sachet_cap.json
🎉 Function invocation completed!
🚀 Initializing Z-AI SDK...
🚀 Invoking function: web_search...
✅ File saved to: /home/z/my-project/scripts/q57a_results/q23_sentinel1_sm.json
🎉 Function invocation completed!
🚀 Initializing Z-AI SDK...
🚀 Invoking function: web_search...
✅ File saved to: /home/z/my-project/scripts/q57a_results/q24_tg_districts_2016.json
🎉 Function invocation completed!
🚀 Initializing Z-AI SDK...
🚀 Invoking function: web_search...
✅ File saved to: /home/z/my-project/scripts/q57a_results/q25_tg_districts_2019.json
🎉 Function invocation completed!
🚀 Initializing Z-AI SDK...
🚀 Invoking function: web_search...
✅ File saved to: /home/z/my-project/scripts/q57a_results/q26_ap_districts_2022.json
🎉 Function invocation completed!
🚀 Initializing Z-AI SDK...
🚀 Invoking function: web_search...
✅ File saved to: /home/z/my-project/scripts/q57a_results/q27_lgd_district_list.json
🎉 Function invocation completed!
🚀 Initializing Z-AI SDK...
🚀 Invoking function: web_search...
✅ File saved to: /home/z/my-project/scripts/q57a_results/q28_data_gov_in_godl.json
🎉 Function invocation completed!
