loading train...
SVD...
loading test...
anchors: [24188, 24192, 24197, 24203, 24222, 24226]
PAIRS: [(24188, 24192), (24192, 24197), (24197, 24203), (24222, 24226)]

======================================================================
SECTION 0: baseline reproduction (expect 0.7369)
======================================================================
baseline obs-dn+percell: 0.7369  per-pair ['0.6663', '0.6677', '0.9241', '0.6897']
obs-dn only (no percell): 0.7393  per-pair ['0.6727', '0.6699', '0.9261', '0.6886']

======================================================================
SECTION 2: MISSION C-a — D-residual spatial structure
======================================================================
pair 24188->24192: D-resid lag1=0.976 lag2=0.924 diag1.4=0.956 | shuffled-null lag1=-0.001
pair 24192->24197: D-resid lag1=0.978 lag2=0.929 diag1.4=0.959 | shuffled-null lag1=0.003
pair 24197->24203: D-resid lag1=0.973 lag2=0.915 diag1.4=0.951 | shuffled-null lag1=-0.000
pair 24222->24226: D-resid lag1=0.973 lag2=0.910 diag1.4=0.950 | shuffled-null lag1=-0.000
--- D-hat smoothing / projection experiments ---
Dhat gaussian smooth sigma=1.0deg: 0.7366 (-0.0003)  ['0.6653', '0.6676', '0.9249', '0.6885']
Dhat gaussian smooth sigma=2.0deg: 0.7384 (+0.0015)  ['0.6674', '0.6696', '0.9273', '0.6894']
Dhat gaussian smooth sigma=3.0deg: 0.7430 (+0.0060)  ['0.6733', '0.6742', '0.9310', '0.6935']
Dtil(t) gaussian smooth sigma=1.0deg: 0.7380 (+0.0010)
Dtil(t) gaussian smooth sigma=2.0deg: 0.7475 (+0.0105)
Dhat PC-projection r=50: 0.7693 (+0.0324)
Dhat PC-projection r=100: 0.7477 (+0.0108)
Dhat PC-projection r=200: 0.7455 (+0.0085)

======================================================================
SECTION 3: MISSION C-b — anchor-drift variants
======================================================================
drift mode=global alpha=0.25: 0.7357 (-0.0012)  ['0.6648', '0.6653', '0.9240', '0.6889']
drift mode=global alpha=0.50: 0.7350 (-0.0020)  ['0.6637', '0.6630', '0.9239', '0.6893']
drift mode=global alpha=1.00: 0.7347 (-0.0023)  ['0.6626', '0.6586', '0.9238', '0.6937']
drift mode=cell alpha=0.25: 0.7444 (+0.0075)  ['0.6618', '0.6671', '0.9290', '0.7199']
drift mode=cell alpha=0.50: 0.7631 (+0.0262)  ['0.6644', '0.6696', '0.9341', '0.7844']
drift mode=cell alpha=1.00: 0.8253 (+0.0884)  ['0.6900', '0.6838', '0.9444', '0.9831']
drift mode=smooth3 alpha=0.25: 0.7422 (+0.0053)  ['0.6614', '0.6664', '0.9280', '0.7130']
drift mode=smooth3 alpha=0.50: 0.7560 (+0.0191)  ['0.6617', '0.6674', '0.9320', '0.7630']
drift mode=smooth3 alpha=1.00: 0.8038 (+0.0669)  ['0.6775', '0.6761', '0.9402', '0.9215']

======================================================================
SECTION 4: MISSION C-c — 4th D-tilde regressor
======================================================================
xreg=S_late: 0.7435 (+0.0066)  ['0.6755', '0.6726', '0.9354', '0.6905']
xreg=SPEI12: 0.7411 (+0.0041)  ['0.6744', '0.6723', '0.9303', '0.6874']
xreg=s12dev: 0.7541 (+0.0172)  ['0.6820', '0.6727', '0.9330', '0.7288']
xreg=s12dev + drift smooth3/0.5: 0.7810 (+0.0440)  ['0.6831', '0.6768', '0.9411', '0.8229']

DONE audit_15b_loo.
